==== LuaWebGen v1.5.0 ====
2026-08-05
SiteFolder: /home/victor/Projetos/blog/bossa_tech_blog
[20:30:24] --> config(start)
[20:30:24] --> config(finish)
[20:30:24] Generating website...
[20:30:24] --> RegularGeneration(start)
[20:30:24] --> Processing(start): content/style.css
[20:30:24] --> Processing(finish): content/style.css
[20:30:24] Writing: output/style.css
[20:30:24] --> Processing(start): content/index.html
[20:30:24] ERROR: content/index.html:21: 'end' expected (to close 'for' at line 7) near '<eof>'
stack traceback:
	[C]: in 'error'
	/home/victor/LuaWebGen/srcgen/functions.lua:1025: in 'errorNoPos'
	/home/victor/LuaWebGen/srcgen/functions.lua:852: in '_parseAndRunTemplate'
	/home/victor/LuaWebGen/srcgen/functions.lua:908: in 'parseAndRunTemplate'
	/home/victor/LuaWebGen/srcgen/functions.lua:1983: in 'generateFromTemplateString'
	/home/victor/LuaWebGen/srcgen/functions.lua:2047: in 'generateFromTemplateFile'
	/home/victor/LuaWebGen/srcgen/app.lua:1542: in <app.lua:1273>
	[C]: in 'xpcall'
	/home/victor/LuaWebGen/srcgen/app.lua:1869: in main chunk
	/home/victor/LuaWebGen/webgen.lua:34: in 'noneContext'
	/home/victor/LuaWebGen/webgen.lua:39: in main chunk

Aborted after error!
