==== LuaWebGen v1.5.0 ====
2026-08-05
SiteFolder: /home/victor/Projetos/blog/bossa_tech_blog
[17:24:18] --> config(start)
[17:24:18] --> config(finish)
[17:24:18] Generating website...
[17:24:18] --> RegularGeneration(start)
[17:24:18] --> Processing(start): content/style.css
[17:24:18] --> Processing(finish): content/style.css
[17:24:18] Writing: output/style.css
[17:24:18] --> Processing(start): content/index.html
[17:24:18] --> Processing(start): content/posts/3teste.md
[17:24:18] --> Processing(start): content/posts/teste4.md
[17:24:18] --> Processing(abort): content/posts/teste4.md
[17:24:18] --> Processing(start): content/posts/2olarmundo.md
[17:24:18] --> Processing(start): content/posts/1fishnet.md
[17:24:18] --> Processing(finish): content/posts/1fishnet.md
[17:24:18] Writing: output/posts/1fishnet/index.html
[17:24:18] --> Processing(finish): content/posts/2olarmundo.md
[17:24:18] Writing: output/posts/2olarmundo/index.html
[17:24:18] --> Processing(finish): content/posts/3teste.md
[17:24:18] Writing: output/posts/3teste/index.html
[17:24:18] --> Processing(finish): content/index.html
[17:24:18] Writing: output/index.html
[17:24:18] --> RegularGeneration(finish)
[17:24:18] Generating website... done!
----------------------------------------------------------------
Files: 5
    Pages:           4  (Skipped: 1)
    OtherTemplates:  1
    OtherFiles:      0  (Preserved: 0, 100.0%)
TotalSize: 13.11 KiB
Time: 0.02 seconds
----------------------------------------------------------------
Finished!
