==== LuaWebGen v1.5.0 ====
2026-08-05
SiteFolder: /home/victor/Projetos/blog/bossa_tech_blog
[00:29:15] --> config(start)
[00:29:15] --> config(finish)
[00:29:15] Generating website...
[00:29:15] --> RegularGeneration(start)
[00:29:15] --> Processing(start): content/style.css
[00:29:15] --> Processing(finish): content/style.css
[00:29:15] Writing: output/style.css
[00:29:15] --> Processing(start): content/index.html
[00:29:15] --> Processing(finish): content/index.html
[00:29:15] Writing: output/index.html
[00:29:15] --> RegularGeneration(finish)
[00:29:15] Generating website... done!
----------------------------------------------------------------
Files: 2
    Pages:           1  (Skipped: 0)
    OtherTemplates:  1
    OtherFiles:      0  (Preserved: 0, 100.0%)
TotalSize: 4.56 KiB
Time: 0.00 seconds
----------------------------------------------------------------
Finished!
