==== LuaWebGen v1.5.0 ====
2026-08-05
SiteFolder: /home/victor/Projetos/blog/bossa_tech_blog
[20:35:13] --> config(start)
[20:35:13] --> config(finish)
[20:35:13] Generating website...
[20:35:13] --> RegularGeneration(start)
[20:35:13] --> Processing(start): content/style.css
[20:35:13] --> Processing(finish): content/style.css
[20:35:13] Writing: output/style.css
[20:35:13] --> Processing(start): content/index.html
[20:35:13] --> Processing(start): content/posts/2olarmundo.md
[20:35:13] --> Processing(start): content/posts/teste2.md
[20:35:13] --> Processing(abort): content/posts/teste2.md
[20:35:13] --> Processing(finish): content/posts/2olarmundo.md
[20:35:13] Writing: output/posts/2olarmundo/index.html
[20:35:13] --> Processing(finish): content/index.html
[20:35:13] Writing: output/index.html
[20:35:13] --> RegularGeneration(finish)
[20:35:13] Removing: output/posts/1fishnet/index.html
[20:35:13] Removing: output/posts/3teste/index.html
[20:35:13] Removing empty folder: output/posts/1fishnet
[20:35:13] Removing empty folder: output/posts/3teste
[20:35:13] Generating website... done!
----------------------------------------------------------------
Files: 3
    Pages:           2  (Skipped: 1)
    OtherTemplates:  1
    OtherFiles:      0  (Preserved: 0, 100.0%)
TotalSize: 8.33 KiB
Time: 0.01 seconds
----------------------------------------------------------------
Finished!
