==== LuaWebGen v1.5.0 ====
2026-08-05
SiteFolder: /home/victor/Projetos/blog/bossa_tech_blog
[20:49:03] --> config(start)
[20:49:03] --> config(finish)
[20:49:03] Generating website...
[20:49:03] --> RegularGeneration(start)
[20:49:03] --> Processing(start): content/style.css
[20:49:03] --> Processing(finish): content/style.css
[20:49:03] Writing: output/style.css
[20:49:03] --> Processing(start): content/index.html
[20:49:03] --> Processing(start): content/posts/teste3.md
[20:49:03] --> Processing(start): content/posts/2olarmundo.md
[20:49:03] --> Processing(start): content/posts/teste2.md
[20:49:03] --> Processing(finish): content/posts/teste2.md
[20:49:03] Writing: output/posts/teste2/index.html
[20:49:03] --> Processing(finish): content/posts/2olarmundo.md
[20:49:03] Writing: output/posts/2olarmundo/index.html
[20:49:03] --> Processing(finish): content/posts/teste3.md
[20:49:03] Writing: output/posts/teste3/index.html
[20:49:03] --> Processing(finish): content/index.html
[20:49:03] Writing: output/index.html
[20:49:03] --> RegularGeneration(finish)
[20:49:03] Generating website... done!
----------------------------------------------------------------
Files: 5
    Pages:           4  (Skipped: 0)
    OtherTemplates:  1
    OtherFiles:      0  (Preserved: 0, 100.0%)
TotalSize: 13.00 KiB
Time: 0.01 seconds
----------------------------------------------------------------
Finished!
