==== LuaWebGen v1.5.0 ====
2026-08-05
SiteFolder: /home/victor/Projetos/blog/bossa_tech_blog
[15:16:11] --> config(start)
[15:16:11] --> config(finish)
[15:16:11] Generating website...
[15:16:11] --> RegularGeneration(start)
[15:16:11] --> Processing(start): content/style.css
[15:16:11] --> Processing(finish): content/style.css
[15:16:11] Writing: output/style.css
[15:16:11] --> Processing(start): content/index.html
[15:16:11] --> Processing(start): content/posts/2olarmundo.md
[15:16:11] --> Processing(start): content/posts/1fishnet.md
[15:16:11] --> Processing(finish): content/posts/1fishnet.md
[15:16:11] Writing: output/posts/1fishnet/index.html
[15:16:11] --> Processing(finish): content/posts/2olarmundo.md
[15:16:11] Writing: output/posts/2olarmundo/index.html
[15:16:11] --> Processing(finish): content/index.html
[15:16:11] Writing: output/index.html
[15:16:11] --> RegularGeneration(finish)
[15:16:11] Removing: output/posts/2fishnet/index.html
[15:16:11] Removing: output/posts/1olhamundo/index.html
[15:16:11] Removing empty folder: output/posts/2fishnet
[15:16:11] Removing empty folder: output/posts/1olhamundo
[15:16:11] Generating website... done!
----------------------------------------------------------------
Files: 4
    Pages:           3  (Skipped: 0)
    OtherTemplates:  1
    OtherFiles:      0  (Preserved: 0, 100.0%)
TotalSize: 10.59 KiB
Time: 0.01 seconds
----------------------------------------------------------------
Finished!
