==== LuaWebGen v1.5.0 ====
2026-08-05
SiteFolder: /home/victor/Projetos/blog/bossa_tech_blog
[00:48:56] --> config(start)
[00:48:56] --> config(finish)
[00:48:56] Generating website...
[00:48:56] --> RegularGeneration(start)
[00:48:56] --> Processing(start): content/style.css
[00:48:56] --> Processing(finish): content/style.css
[00:48:56] Writing: output/style.css
[00:48:56] --> Processing(start): content/index.html
[00:48:56] --> Processing(start): content/posts/olamundo.md
[00:48:56] --> Processing(finish): content/posts/olamundo.md
[00:48:56] Writing: output/posts/olamundo/index.html
[00:48:56] --> Processing(finish): content/index.html
[00:48:56] Writing: output/index.html
[00:48:56] --> RegularGeneration(finish)
[00:48:56] Generating website... done!
----------------------------------------------------------------
Files: 3
    Pages:           2  (Skipped: 0)
    OtherTemplates:  1
    OtherFiles:      0  (Preserved: 0, 100.0%)
TotalSize: 10.61 KiB
Time: 0.01 seconds
----------------------------------------------------------------
Finished!
