==== LuaWebGen v1.5.0 ====
2026-08-05
SiteFolder: /home/victor/Projetos/blog/bossa_tech_blog
[01:54:03] --> config(start)
[01:54:03] --> config(finish)
[01:54:03] Generating website...
[01:54:03] --> RegularGeneration(start)
[01:54:03] --> Processing(start): content/style.css
[01:54:03] --> Processing(finish): content/style.css
[01:54:03] Writing: output/style.css
[01:54:03] --> Processing(start): content/index.html
[01:54:03] --> Processing(start): content/posts/olamundo.md
[01:54:03] --> Processing(start): content/posts/teste2.md
[01:54:03] --> Processing(finish): content/posts/teste2.md
[01:54:03] Writing: output/posts/teste2/index.html
[01:54:03] --> Processing(finish): content/posts/olamundo.md
[01:54:03] Writing: output/posts/olamundo/index.html
[01:54:03] --> Processing(finish): content/index.html
[01:54:03] Writing: output/index.html
[01:54:03] --> RegularGeneration(finish)
[01:54:03] Generating website... done!
----------------------------------------------------------------
Files: 4
    Pages:           3  (Skipped: 0)
    OtherTemplates:  1
    OtherFiles:      0  (Preserved: 0, 100.0%)
TotalSize: 10.57 KiB
Time: 0.01 seconds
----------------------------------------------------------------
Finished!
