==== LuaWebGen v1.5.0 ====
2026-08-05
SiteFolder: /home/victor/Projetos/blog/bossa_tech_blog
[15:13:34] --> config(start)
[15:13:34] --> config(finish)
[15:13:34] Generating website...
[15:13:34] --> RegularGeneration(start)
[15:13:34] --> Processing(start): content/style.css
[15:13:34] --> Processing(finish): content/style.css
[15:13:34] Writing: output/style.css
[15:13:34] --> Processing(start): content/index.html
[15:13:34] --> Processing(start): content/posts/1olhamundo.md
[15:13:34] --> Processing(start): content/posts/2fishnet.md
[15:13:34] --> Processing(finish): content/posts/2fishnet.md
[15:13:34] Writing: output/posts/2fishnet/index.html
[15:13:34] --> Processing(finish): content/posts/1olhamundo.md
[15:13:34] Writing: output/posts/1olhamundo/index.html
[15:13:34] --> Processing(finish): content/index.html
[15:13:34] Writing: output/index.html
[15:13:34] --> RegularGeneration(finish)
[15:13:34] Generating website... done!
----------------------------------------------------------------
Files: 4
    Pages:           3  (Skipped: 0)
    OtherTemplates:  1
    OtherFiles:      0  (Preserved: 0, 100.0%)
TotalSize: 10.59 KiB
Time: 0.01 seconds
----------------------------------------------------------------
Finished!
