==== LuaWebGen v1.5.0 ====
2026-08-05
SiteFolder: /home/victor/Projetos/blog/bossa_tech_blog
[21:10:24] --> config(start)
[21:10:24] --> config(finish)
[21:10:24] Generating website...
[21:10:24] --> RegularGeneration(start)
[21:10:24] --> Processing(start): content/style.css
[21:10:24] --> Processing(finish): content/style.css
[21:10:24] Writing: output/style.css
[21:10:24] --> Processing(start): content/index.html
[21:10:24] --> Processing(start): content/posts/2olarmundo.md
[21:10:24] --> Processing(finish): content/posts/2olarmundo.md
[21:10:24] Writing: output/posts/2olarmundo/index.html
[21:10:24] --> Processing(finish): content/index.html
[21:10:24] Writing: output/index.html
[21:10:24] --> RegularGeneration(finish)
[21:10:24] Generating website... done!
----------------------------------------------------------------
Files: 3
    Pages:           2  (Skipped: 0)
    OtherTemplates:  1
    OtherFiles:      0  (Preserved: 0, 100.0%)
TotalSize: 7.88 KiB
Time: 0.01 seconds
----------------------------------------------------------------
Finished!
